// Jest Snapshot v1, https://goo.gl/fbAQLP

exports[`NewCardForm that it renders when passed an empty function 1`] = `
<div
  className="new-card-form"
>
  <form
    className="new-card-form__form"
    onSubmit={[Function]}
  >
    <section
      className="new-card-form__header"
    >
      <h1>
        Add Some Inspiration
      </h1>
    </section>
    <label
      className="new-card-form__form-label"
      htmlFor="Text"
    >
      text
    </label>
    <input
      className="new-card-form_form-textarea"
      name="text"
      onChange={[Function]}
      placeholder="Inspirational Message"
      value=""
    />
    <div>
      <label
        className="new-card-form__form-label"
        htmlFor="Emoji"
      >
        emoji
      </label>
      <select
        id="emoji"
        name="emoji"
        onChange={[Function]}
      >
        <option
          key="emoji-select"
          name="board"
          value=""
        >
          Select Emoji
        </option>
        <option
          key="0"
          name="emoji"
          value=""
        />
        <option
          key="1"
          name="emoji"
          value="heart_eyes"
        >
          😍
        </option>
        <option
          key="2"
          name="emoji"
          value="beer"
        >
          🍺
        </option>
        <option
          key="3"
          name="emoji"
          value="clap"
        >
          👏
        </option>
        <option
          key="4"
          name="emoji"
          value="sparkling_heart"
        >
          💖
        </option>
        <option
          key="5"
          name="emoji"
          value="heart_eyes_cat"
        >
          😻
        </option>
        <option
          key="6"
          name="emoji"
          value="dog"
        >
          🐶
        </option>
        <option
          key="7"
          name="emoji"
          value="sad_cat"
        />
      </select>
      <input
        className="new-card-form__form-button"
        name="submit"
        type="submit"
        value="Add a Card"
      />
    </div>
  </form>
</div>
`;
